// Jest Snapshot v1, https://goo.gl/fbAQLP

exports[`Missions tests render test 1`] = `<div />`;
